// Jest Snapshot v1, https://goo.gl/fbAQLP

exports[`Snapshot Tests PageTitle Test 1`] = `
<div
  className="css-cc5o4n"
>
  <h3
    className="MuiTypography-root MuiTypography-h3 css-gepadz-MuiTypography-root"
  >
    Titolo pagina
  </h3>
</div>
`;

exports[`Snapshot Tests PokemonCard Test 1`] = `
<div
  className="MuiGrid-root MuiGrid-container MuiGrid-direction-xs-column css-tfd2vm-MuiGrid-root"
  onClick={[Function]}
>
  <div
    className="MuiGrid-root MuiGrid-item MuiGrid-grid-xs-auto css-mhz0a0-MuiGrid-root"
  >
    <h5
      className="MuiTypography-root MuiTypography-h5 css-ag7rrr-MuiTypography-root"
    >
      10
    </h5>
  </div>
  <div
    className="MuiGrid-root MuiGrid-item css-13i4rnv-MuiGrid-root"
  >
    <h6
      className="MuiTypography-root MuiTypography-h6 css-1hwz2fv-MuiTypography-root"
    >
      bulbasaur
    </h6>
  </div>
</div>
`;

exports[`Snapshot Tests PokemonDetailPage Test 1`] = `null`;

exports[`Snapshot Tests PokemonDetailPage Test 2`] = `
<div
  className="MuiGrid-root MuiGrid-container css-1ws4nd0-MuiGrid-root"
>
  <div
    className="MuiGrid-root MuiGrid-item MuiGrid-grid-xs-4 css-153cd0s-MuiGrid-root"
  >
    <img
      src="https://raw.githubusercontent.com/PokeAPI/sprites/master/sprites/pokemon/other/official-artwork/1.png"
    />
  </div>
  <div
    className="MuiGrid-root MuiGrid-item MuiGrid-grid-xs-8 css-jy0p6y-MuiGrid-root"
  >
    <div
      className="MuiGrid-root MuiGrid-container MuiGrid-spacing-xs-1 css-a5rdam-MuiGrid-root"
    >
      <div
        className="MuiGrid-root MuiGrid-item MuiGrid-grid-xs-12 css-1idn90j-MuiGrid-root"
      >
        <h4
          className="MuiTypography-root MuiTypography-h4 pokemon-name css-5lbw0b-MuiTypography-root"
        >
          bulbasaur
        </h4>
      </div>
      <div
        className="MuiGrid-root MuiGrid-item MuiGrid-grid-xs-12 css-1idn90j-MuiGrid-root"
      >
        <div
          className="MuiChip-root MuiChip-filled MuiChip-sizeMedium MuiChip-colorDefault MuiChip-filledDefault pokemon-type css-gac2fo-MuiChip-root"
          onKeyDown={[Function]}
          onKeyUp={[Function]}
        >
          <span
            className="MuiChip-label MuiChip-labelMedium css-6od3lo-MuiChip-label"
          >
            grass
          </span>
        </div>
        <div
          className="MuiChip-root MuiChip-filled MuiChip-sizeMedium MuiChip-colorDefault MuiChip-filledDefault pokemon-type css-gac2fo-MuiChip-root"
          onKeyDown={[Function]}
          onKeyUp={[Function]}
        >
          <span
            className="MuiChip-label MuiChip-labelMedium css-6od3lo-MuiChip-label"
          >
            poison
          </span>
        </div>
      </div>
      <div
        className="MuiGrid-root MuiGrid-item MuiGrid-grid-xs-3 css-1equabv-MuiGrid-root"
      >
        <svg
          aria-hidden={true}
          className="MuiSvgIcon-root MuiSvgIcon-fontSizeMedium info-icon css-i4bv87-MuiSvgIcon-root"
          data-testid="HeightIcon"
          focusable="false"
          viewBox="0 0 24 24"
        >
          <path
            d="M13 6.99h3L12 3 8 6.99h3v10.02H8L12 21l4-3.99h-3z"
          />
        </svg>
         height:
        <span
          className="info"
        >
           
          70cm
        </span>
      </div>
      <div
        className="MuiGrid-root MuiGrid-item MuiGrid-grid-xs-3 css-1equabv-MuiGrid-root"
      >
        <svg
          aria-hidden={true}
          className="MuiSvgIcon-root MuiSvgIcon-fontSizeMedium info-icon css-i4bv87-MuiSvgIcon-root"
          data-testid="ScaleIcon"
          focusable="false"
          viewBox="0 0 24 24"
        >
          <path
            d="M14 11V8c4.56-.58 8-3.1 8-6H2c0 2.9 3.44 5.42 8 6v3c-3.68.73-8 3.61-8 11h6v-2H4.13c.93-6.83 6.65-7.2 7.87-7.2s6.94.37 7.87 7.2H16v2h6c0-7.39-4.32-10.27-8-11zm-2 11c-1.1 0-2-.9-2-2 0-.55.22-1.05.59-1.41C11.39 17.79 16 16 16 16s-1.79 4.61-2.59 5.41c-.36.37-.86.59-1.41.59z"
          />
        </svg>
         weight:
        <span
          className="info"
        >
           
          6.9kg
        </span>
      </div>
      <div
        className="MuiGrid-root MuiGrid-item MuiGrid-grid-xs-12 css-1idn90j-MuiGrid-root"
      >
        <div
          className="MuiGrid-root MuiGrid-container css-11lq3yg-MuiGrid-root"
        >
          <div
            className="MuiGrid-root MuiGrid-item MuiGrid-grid-xs-2 css-1o7apob-MuiGrid-root"
          >
            <img
              className="css-kihw5q"
              onMouseEnter={[Function]}
              onMouseLeave={[Function]}
              src="https://raw.githubusercontent.com/PokeAPI/sprites/master/sprites/pokemon/1.png"
            />
          </div>
          <div
            className="MuiGrid-root MuiGrid-item MuiGrid-grid-xs-2 css-1o7apob-MuiGrid-root"
          >
            <img
              className="css-kihw5q"
              onMouseEnter={[Function]}
              onMouseLeave={[Function]}
              src="https://raw.githubusercontent.com/PokeAPI/sprites/master/sprites/pokemon/shiny/1.png"
            />
          </div>
        </div>
      </div>
    </div>
  </div>
</div>
`;
